m4-1.4.15-1.m68kmint.rpm
gdbm-1.8.0-2.m68kmint.rpm
perl-5.6.0-3.m68kmint.rpm
autoconf-2.68-1.noarch.rpm
automake-1.11.1-1.noarch.rpm
binutils-2.21-1.m68kmint.rpm
gcc-2.95.3-5.m68kmint.rpm
gcc-c++-2.95.3-5.m68kmint.rpm
libtool-2.2.8-1.m68kmint.rpm
readline-4.2-1.m68kmint.rpm
readline-devel-4.2-1.m68kmint.rpm
zlib-1.2.5-1.m68kmint.rpm
zlib-devel-1.2.5-1.m68kmint.rpm
bison-1.875-2.m68kmint.rpm
bzip2-devel-1.0.2-1.m68kmint.rpm
cflib-21-1.m68kmint.rpm
cproto-4.6-2.m68kmint.rpm
cvs-1.11.1p1-1.m68kmint.rpm
diffutils-2.7-2.m68kmint.rpm
fdlibm-5.3-2.m68kmint.rpm
flex-2.5.4a-5.m68kmint.rpm
gdb-5.0-4.m68kmint.rpm
gemlib-0.43.6-1.m68kmint.rpm
gettext-0.12.1-1.m68kmint.rpm
libtermcap-2.0.8-4.m68kmint.rpm
libtermcap-devel-2.0.8-4.m68kmint.rpm
make-3.82-1.m68kmint.rpm
mintlib-devel-0.59.1-1.m68kmint.rpm
ncurses-devel-5.1-1.m68kmint.rpm
openssl-devel-1.0.0c-1.m68kmint.rpm
openssl-doc-0.9.6m-5.m68kmint.rpm
patch-2.5.4-2.m68kmint.rpm
pth-devel-2.0.0-1.m68kmint.rpm
rcs-5.7-3.m68kmint.rpm
rpm-build-3.0.6-4.m68kmint.rpm
rpm-devel-3.0.6-4.m68kmint.rpm
shtool-1.4.6-1.noarch.rpm
